Initialization of ProbabilityMassFunction with items and weights of different dimensions
items = [1, 2, 3]
weights = [1]
Invalid weights encountered in ProbabilityMassFunction
weights = [-1.  1.]
Invalid weights encountered in ProbabilityMassFunction
weights = [0.]
Initialization of ProbabilityMassFunction with items and weights of different dimensions
items = [1, 2, 3]
weights = [1]
Invalid weights encountered in ProbabilityMassFunction
weights = [-1.  1.]
Invalid weights encountered in ProbabilityMassFunction
weights = [0.]
Initialization of ProbabilityMassFunction with items and weights of different dimensions
items = [1, 2, 3]
weights = [1]
Invalid weights encountered in ProbabilityMassFunction
weights = [-1.  1.]
Invalid weights encountered in ProbabilityMassFunction
weights = [0.]
